This is pdfTeX, Version 3.141592653-2.6-1.40.29 (TeX Live 2026) (preloaded format=pdflatex 2026.8.16)  28 AUG 2026 19:43
entering extended mode
 restricted \write18 enabled.
 %&-line parsing enabled.
**main.tex
(./main.tex
LaTeX2e <2026-06-01>
L3 programming layer <2026-07-20>
(/usr/local/texlive/2026/texmf-dist/tex/latex/base/article.cls
Document Class: article 2025/01/22 v1.4n Standard LaTeX document class
(/usr/local/texlive/2026/texmf-dist/tex/latex/base/size10.clo
File: size10.clo 2025/01/22 v1.4n Standard LaTeX file (size option)
)
\c@part=\count276
\c@section=\count277
\c@subsection=\count278
\c@subsubsection=\count279
\c@paragraph=\count280
\c@subparagraph=\count281
\c@figure=\count282
\c@table=\count283
\abovecaptionskip=\skip49
\belowcaptionskip=\skip50
\bibindent=\dimen150
)
(./neurips_2026.sty
Package: neurips_2026 2026-01-29 NeurIPS 2026 submission/camera-ready style fil
e

(/usr/local/texlive/2026/texmf-dist/tex/latex/environ/environ.sty
Package: environ 2014/05/04 v0.3 A new way to define environments

(/usr/local/texlive/2026/texmf-dist/tex/latex/trimspaces/trimspaces.sty
Package: trimspaces 2009/09/17 v1.1 Trim spaces around a token list
)
\@envbody=\toks17
)
(/usr/local/texlive/2026/texmf-dist/tex/latex/geometry/geometry.sty
Package: geometry 2026/03/07 v6.0 Page Geometry

(/usr/local/texlive/2026/texmf-dist/tex/latex/graphics/keyval.sty
Package: keyval 2026-05-17 v1.15 key=value parser (DPC)
\KV@toks@=\toks18
)
(/usr/local/texlive/2026/texmf-dist/tex/generic/iftex/ifvtex.sty
Package: ifvtex 2019/10/25 v1.7 ifvtex legacy package. Use iftex instead.

(/usr/local/texlive/2026/texmf-dist/tex/generic/iftex/iftex.sty
Package: iftex 2024/12/12 v1.0g TeX engine tests
))
\Gm@cnth=\count284
\Gm@cntv=\count285
\c@Gm@tempcnt=\count286
\Gm@bindingoffset=\dimen151
\Gm@wd@mp=\dimen152
\Gm@odd@mp=\dimen153
\Gm@even@mp=\dimen154
\Gm@layoutwidth=\dimen155
\Gm@layoutheight=\dimen156
\Gm@layouthoffset=\dimen157
\Gm@layoutvoffset=\dimen158
\Gm@dimlist=\toks19
)
\@neuripsabovecaptionskip=\skip51
\@neuripsbelowcaptionskip=\skip52

(/usr/local/texlive/2026/texmf-dist/tex/latex/lineno/lineno.sty
Package: lineno 2026/03/08 line numbers on paragraphs v5.9

(/usr/local/texlive/2026/texmf-dist/tex/latex/etoolbox/etoolbox.sty
Package: etoolbox 2025/10/02 v2.5m e-TeX tools for LaTeX (JAW)
\etb@tempcnta=\count287
)
(/usr/local/texlive/2026/texmf-dist/tex/latex/kvoptions/kvoptions.sty
Package: kvoptions 2022-06-15 v3.15 Key value format for package options (HO)

(/usr/local/texlive/2026/texmf-dist/tex/generic/ltxcmds/ltxcmds.sty
Package: ltxcmds 2023-12-04 v1.26 LaTeX kernel commands for general use (HO)
)
(/usr/local/texlive/2026/texmf-dist/tex/latex/kvsetkeys/kvsetkeys.sty
Package: kvsetkeys 2022-10-05 v1.19 Key value parser (HO)
))
\linenopenalty=\count288
\output=\toks20
\linenoprevgraf=\count289
\linenumbersep=\dimen159
\linenumberwidth=\dimen160
\c@linenumber=\count290
\c@pagewiselinenumber=\count291
\c@LN@truepage=\count292
\c@internallinenumber=\count293
\c@internallinenumbers=\count294
\quotelinenumbersep=\dimen161
\bframerule=\dimen162
\bframesep=\dimen163
\bframebox=\box53
))
(/usr/local/texlive/2026/texmf-dist/tex/latex/base/inputenc.sty
Package: inputenc 2024/02/08 v1.3d Input encoding file
\inpenc@prehook=\toks21
\inpenc@posthook=\toks22
)
(/usr/local/texlive/2026/texmf-dist/tex/latex/base/fontenc.sty
Package: fontenc 2025/07/18 v2.1d Standard LaTeX package
LaTeX Font Info:    Trying to load font information for T1+ptm on input line 11
6.

(/usr/local/texlive/2026/texmf-dist/tex/latex/psnfss/t1ptm.fd
File: t1ptm.fd 2001/06/04 font definitions for T1/ptm.
))
(/usr/local/texlive/2026/texmf-dist/tex/latex/hyperref/hyperref.sty
Package: hyperref 2026-06-17 v7.01r Hypertext links for LaTeX

(/usr/local/texlive/2026/texmf-dist/tex/generic/kvdefinekeys/kvdefinekeys.sty
Package: kvdefinekeys 2019-12-19 v1.6 Define keys (HO)
)
(/usr/local/texlive/2026/texmf-dist/tex/generic/pdfescape/pdfescape.sty
Package: pdfescape 2019/12/09 v1.15 Implements pdfTeX's escape features (HO)

(/usr/local/texlive/2026/texmf-dist/tex/generic/pdftexcmds/pdftexcmds.sty
Package: pdftexcmds 2020-06-27 v0.33 Utility functions of pdfTeX for LuaTeX (HO
)

(/usr/local/texlive/2026/texmf-dist/tex/generic/infwarerr/infwarerr.sty
Package: infwarerr 2019/12/03 v1.5 Providing info/warning/error messages (HO)
)
Package pdftexcmds Info: \pdf@primitive is available.
Package pdftexcmds Info: \pdf@ifprimitive is available.
Package pdftexcmds Info: \pdfdraftmode found.
))
(/usr/local/texlive/2026/texmf-dist/tex/latex/hycolor/hycolor.sty
Package: hycolor 2020-01-27 v1.10 Color options for hyperref/bookmark (HO)
)
(/usr/local/texlive/2026/texmf-dist/tex/latex/hyperref/nameref.sty
Package: nameref 2026-01-29 v2.58 Cross-referencing by name of section

(/usr/local/texlive/2026/texmf-dist/tex/latex/refcount/refcount.sty
Package: refcount 2019/12/15 v3.6 Data extraction from label references (HO)
)
(/usr/local/texlive/2026/texmf-dist/tex/generic/gettitlestring/gettitlestring.s
ty
Package: gettitlestring 2019/12/15 v1.6 Cleanup title references (HO)
)
\c@section@level=\count295
) (/usr/local/texlive/2026/texmf-dist/tex/generic/stringenc/stringenc.sty
Package: stringenc 2019/11/29 v1.12 Convert strings between diff. encodings (HO
)
)
\@linkdim=\dimen164
\Hy@linkcounter=\count296
\Hy@pagecounter=\count297

(/usr/local/texlive/2026/texmf-dist/tex/latex/hyperref/pd1enc.def
File: pd1enc.def 2026-06-17 v7.01r Hyperref: PDFDocEncoding definition (HO)
Now handling font encoding PD1 ...
... no UTF-8 mapping file for font encoding PD1
)
(/usr/local/texlive/2026/texmf-dist/tex/generic/intcalc/intcalc.sty
Package: intcalc 2019/12/15 v1.3 Expandable calculations with integers (HO)
)
\Hy@SavedSpaceFactor=\count298

(/usr/local/texlive/2026/texmf-dist/tex/latex/hyperref/puenc.def
File: puenc.def 2026-06-17 v7.01r Hyperref: PDF Unicode definition (HO)
Now handling font encoding PU ...
... no UTF-8 mapping file for font encoding PU
)
Package hyperref Info: Hyper figures OFF on input line 4199.
Package hyperref Info: Link nesting OFF on input line 4204.
Package hyperref Info: Hyper index ON on input line 4207.
Package hyperref Info: Plain pages OFF on input line 4214.
Package hyperref Info: Backreferencing OFF on input line 4219.
Package hyperref Info: Implicit mode ON; LaTeX internals redefined.
Package hyperref Info: Bookmarks ON on input line 4466.
\c@Hy@tempcnt=\count299

(/usr/local/texlive/2026/texmf-dist/tex/latex/url/url.sty
\Urlmuskip=\muskip17
Package: url 2013/09/16  ver 3.4  Verb mode for urls, etc.
)
LaTeX Info: Redefining \url on input line 4805.
\XeTeXLinkMargin=\dimen165

(/usr/local/texlive/2026/texmf-dist/tex/generic/bitset/bitset.sty
Package: bitset 2019/12/09 v1.3 Handle bit-vector datatype (HO)

(/usr/local/texlive/2026/texmf-dist/tex/generic/bigintcalc/bigintcalc.sty
Package: bigintcalc 2019/12/15 v1.5 Expandable calculations on big integers (HO
)
))
\Fld@menulength=\count300
\Field@Width=\dimen166
\Fld@charsize=\dimen167
Package hyperref Info: Hyper figures OFF on input line 6091.
Package hyperref Info: Link nesting OFF on input line 6096.
Package hyperref Info: Hyper index ON on input line 6099.
Package hyperref Info: backreferencing OFF on input line 6106.
Package hyperref Info: Link coloring OFF on input line 6111.
Package hyperref Info: Link coloring with OCG OFF on input line 6116.
Package hyperref Info: PDF/A mode OFF on input line 6121.
\Hy@abspage=\count301
\c@Item=\count302
\c@Hfootnote=\count303
)
Package hyperref Info: Driver (autodetected): hpdftex.

(/usr/local/texlive/2026/texmf-dist/tex/latex/hyperref/hpdftex.def
File: hpdftex.def 2026-06-17 v7.01r Hyperref driver for pdfTeX
\Fld@listcount=\count304
\c@bookmark@seq@number=\count305

(/usr/local/texlive/2026/texmf-dist/tex/latex/rerunfilecheck/rerunfilecheck.sty
Package: rerunfilecheck 2025-06-21 v1.11 Rerun checks for auxiliary files (HO)

(/usr/local/texlive/2026/texmf-dist/tex/generic/uniquecounter/uniquecounter.sty
Package: uniquecounter 2019/12/15 v1.4 Provide unlimited unique counter (HO)
)
Package uniquecounter Info: New unique counter `rerunfilecheck' on input line 2
84.
)
\Hy@SectionHShift=\skip53
) (/usr/local/texlive/2026/texmf-dist/tex/latex/booktabs/booktabs.sty
Package: booktabs 2020/01/12 v1.61803398 Publication quality tables
\heavyrulewidth=\dimen168
\lightrulewidth=\dimen169
\cmidrulewidth=\dimen170
\belowrulesep=\dimen171
\belowbottomsep=\dimen172
\aboverulesep=\dimen173
\abovetopsep=\dimen174
\cmidrulesep=\dimen175
\cmidrulekern=\dimen176
\defaultaddspace=\dimen177
\@cmidla=\count306
\@cmidlb=\count307
\@aboverulesep=\dimen178
\@belowrulesep=\dimen179
\@thisruleclass=\count308
\@lastruleclass=\count309
\@thisrulewidth=\dimen180
)
(/usr/local/texlive/2026/texmf-dist/tex/latex/amsfonts/amsfonts.sty
Package: amsfonts 2013/01/14 v3.01 Basic AMSFonts support
\@emptytoks=\toks23
\symAMSa=\mathgroup4
\symAMSb=\mathgroup5
LaTeX Font Info:    Redeclaring math symbol \hbar on input line 98.
LaTeX Font Info:    Overwriting math alphabet `\mathfrak' in version `bold'
(Font)                  U/euf/m/n --> U/euf/b/n on input line 106.
)
(/usr/local/texlive/2026/texmf-dist/tex/latex/amsmath/amsmath.sty
Package: amsmath 2026/05/19 v2.18d AMS math features
\@mathmargin=\skip54

For additional information on amsmath, use the `?' option.
(/usr/local/texlive/2026/texmf-dist/tex/latex/amsmath/amstext.sty
Package: amstext 2024/11/17 v2.01 AMS text

(/usr/local/texlive/2026/texmf-dist/tex/latex/amsmath/amsgen.sty
File: amsgen.sty 1999/11/30 v2.0 generic functions
\@emptytoks=\toks24
\ex@=\dimen181
))
(/usr/local/texlive/2026/texmf-dist/tex/latex/amsmath/amsbsy.sty
Package: amsbsy 1999/11/29 v1.2d Bold Symbols
\pmbraise@=\dimen182
)
(/usr/local/texlive/2026/texmf-dist/tex/latex/amsmath/amsopn.sty
Package: amsopn 2022/04/08 v2.04 operator names
)
\inf@bad=\count310
LaTeX Info: Redefining \frac on input line 233.
\uproot@=\count311
\leftroot@=\count312
LaTeX Info: Redefining \overline on input line 398.
LaTeX Info: Redefining \colon on input line 409.
\classnum@=\count313
\DOTSCASE@=\count314
LaTeX Info: Redefining \ldots on input line 495.
LaTeX Info: Redefining \dots on input line 498.
LaTeX Info: Redefining \cdots on input line 619.
\Mathstrutbox@=\box54
\strutbox@=\box55
LaTeX Info: Redefining \big on input line 721.
LaTeX Info: Redefining \Big on input line 722.
LaTeX Info: Redefining \bigg on input line 723.
LaTeX Info: Redefining \Bigg on input line 724.
\big@size=\dimen183
LaTeX Font Info:    Redeclaring font encoding OML on input line 742.
LaTeX Font Info:    Redeclaring font encoding OMS on input line 743.
\macc@depth=\count315
LaTeX Info: Redefining \bmod on input line 904.
LaTeX Info: Redefining \pmod on input line 909.
LaTeX Info: Redefining \smash on input line 939.
LaTeX Info: Redefining \relbar on input line 969.
LaTeX Info: Redefining \Relbar on input line 970.
\c@MaxMatrixCols=\count316
\dotsspace@=\muskip18
\c@parentequation=\count317
\dspbrk@lvl=\count318
\tag@help=\toks25
\row@=\count319
\column@=\count320
\maxfields@=\count321
\andhelp@=\toks26
\eqnshift@=\dimen184
\alignsep@=\dimen185
\tagshift@=\dimen186
\tagwidth@=\dimen187
\totwidth@=\dimen188
\lineht@=\dimen189
\@envbody=\toks27
\multlinegap=\skip55
\multlinetaggap=\skip56
\mathdisplay@stack=\toks28
LaTeX Info: Redefining \[ on input line 2965.
LaTeX Info: Redefining \] on input line 2966.
)
\@LN@amsmath@ams@eqpen=\count322

(/usr/local/texlive/2026/texmf-dist/tex/latex/amsfonts/amssymb.sty
Package: amssymb 2013/01/14 v3.01 AMS font symbols
)
(/usr/local/texlive/2026/texmf-dist/tex/latex/units/nicefrac.sty
Package: nicefrac 1998/08/04 v0.9b Nice fractions
\L@UnitsRaiseDisplaystyle=\skip57
\L@UnitsRaiseTextstyle=\skip58
\L@UnitsRaiseScriptstyle=\skip59

(/usr/local/texlive/2026/texmf-dist/tex/latex/base/ifthen.sty
Package: ifthen 2024/03/16 v1.1e Standard LaTeX ifthen package (DPC)
))
(/usr/local/texlive/2026/texmf-dist/tex/latex/microtype/microtype.sty
Package: microtype 2026/03/01 v3.2d Micro-typographical refinements (RS)
\MT@toks=\toks29
\MT@tempbox=\box56
\MT@count=\count323
LaTeX Info: Redefining \noprotrusionifhmode on input line 1084.
LaTeX Info: Redefining \leftprotrusion on input line 1085.
\MT@prot@toks=\toks30
LaTeX Info: Redefining \rightprotrusion on input line 1104.
LaTeX Info: Redefining \textls on input line 1449.
\MT@outer@kern=\dimen190
LaTeX Info: Redefining \microtypecontext on input line 2053.
LaTeX Info: Redefining \textmicrotypecontext on input line 2070.
\MT@listname@count=\count324

(/usr/local/texlive/2026/texmf-dist/tex/latex/microtype/microtype-pdftex.def
File: microtype-pdftex.def 2026/03/01 v3.2d Definitions specific to pdftex (RS)

LaTeX Info: Redefining \lsstyle on input line 944.
LaTeX Info: Redefining \lslig on input line 944.
\MT@outer@space=\skip60
)
Package microtype Info: Loading configuration file microtype.cfg.

(/usr/local/texlive/2026/texmf-dist/tex/latex/microtype/microtype.cfg
File: microtype.cfg 2026/03/01 v3.2d microtype main configuration file (RS)
)
LaTeX Info: Redefining \microtypesetup on input line 3065.
)
(/usr/local/texlive/2026/texmf-dist/tex/latex/graphics/graphicx.sty
Package: graphicx 2026-05-17 v1.2e Enhanced LaTeX Graphics (DPC,SPQR)

(/usr/local/texlive/2026/texmf-dist/tex/latex/graphics/graphics.sty
Package: graphics 2026-05-17 v1.4h Standard LaTeX Graphics (DPC,SPQR)

(/usr/local/texlive/2026/texmf-dist/tex/latex/graphics/trig.sty
Package: trig 2023/12/02 v1.11 sin cos tan (DPC)
)
(/usr/local/texlive/2026/texmf-dist/tex/latex/graphics-cfg/graphics.cfg
File: graphics.cfg 2016/06/04 v1.11 sample graphics configuration
)
Package graphics Info: Driver file: pdftex.def on input line 106.

(/usr/local/texlive/2026/texmf-dist/tex/latex/graphics-def/pdftex.def
File: pdftex.def 2025/09/29 v1.2d Graphics/color driver for pdftex
))
\Gin@req@height=\dimen191
\Gin@req@width=\dimen192
)
(/usr/local/texlive/2026/texmf-dist/tex/latex/xcolor/xcolor.sty
Package: xcolor 2024/09/29 v3.02 LaTeX color extensions (UK)

(/usr/local/texlive/2026/texmf-dist/tex/latex/graphics-cfg/color.cfg
File: color.cfg 2016/01/02 v1.6 sample color configuration
)
Package xcolor Info: Driver file: pdftex.def on input line 274.

(/usr/local/texlive/2026/texmf-dist/tex/latex/graphics/mathcolor.ltx)
Package xcolor Info: Model `cmy' substituted by `cmy0' on input line 1349.
Package xcolor Info: Model `hsb' substituted by `rgb' on input line 1353.
Package xcolor Info: Model `RGB' extended on input line 1365.
Package xcolor Info: Model `HTML' substituted by `rgb' on input line 1367.
Package xcolor Info: Model `Hsb' substituted by `hsb' on input line 1368.
Package xcolor Info: Model `tHsb' substituted by `hsb' on input line 1369.
Package xcolor Info: Model `HSB' substituted by `hsb' on input line 1370.
Package xcolor Info: Model `Gray' substituted by `gray' on input line 1371.
Package xcolor Info: Model `wave' substituted by `hsb' on input line 1372.
)
(/usr/local/texlive/2026/texmf-dist/tex/latex/caption/subcaption.sty
Package: subcaption 2023/07/28 v1.6b Sub-captions (AR)

(/usr/local/texlive/2026/texmf-dist/tex/latex/caption/caption.sty
Package: caption 2023/08/05 v3.6o Customizing captions (AR)

(/usr/local/texlive/2026/texmf-dist/tex/latex/caption/caption3.sty
Package: caption3 2023/07/31 v2.4d caption3 kernel (AR)
\caption@tempdima=\dimen193
\captionmargin=\dimen194
\caption@leftmargin=\dimen195
\caption@rightmargin=\dimen196
\caption@width=\dimen197
\caption@indent=\dimen198
\caption@parindent=\dimen199
\caption@hangindent=\dimen256
Package caption Info: Standard document class detected.
)
\c@caption@flags=\count325
\c@continuedfloat=\count326
Package caption Info: hyperref package is loaded.
)
Package caption Info: New subtype `subfigure' on input line 238.
\c@subfigure=\count327
Package caption Info: New subtype `subtable' on input line 238.
\c@subtable=\count328
)
(/usr/local/texlive/2026/texmf-dist/tex/latex/l3backend/l3backend-pdftex.def
File: l3backend-pdftex.def 2026-07-20 L3 backend support: PDF output (pdfTeX)
\l__color_backend_stack_int=\count329
)
(./main.aux)
\openout1 = `main.aux'.

LaTeX Font Info:    Checking defaults for OML/cmm/m/it on input line 24.
LaTeX Font Info:    ... okay on input line 24.
LaTeX Font Info:    Checking defaults for OMS/cmsy/m/n on input line 24.
LaTeX Font Info:    ... okay on input line 24.
LaTeX Font Info:    Checking defaults for OT1/cmr/m/n on input line 24.
LaTeX Font Info:    ... okay on input line 24.
LaTeX Font Info:    Checking defaults for T1/cmr/m/n on input line 24.
LaTeX Font Info:    ... okay on input line 24.
LaTeX Font Info:    Checking defaults for TS1/cmr/m/n on input line 24.
LaTeX Font Info:    ... okay on input line 24.
LaTeX Font Info:    Checking defaults for OMX/cmex/m/n on input line 24.
LaTeX Font Info:    ... okay on input line 24.
LaTeX Font Info:    Checking defaults for U/cmr/m/n on input line 24.
LaTeX Font Info:    ... okay on input line 24.
LaTeX Font Info:    Checking defaults for PD1/pdf/m/n on input line 24.
LaTeX Font Info:    ... okay on input line 24.
LaTeX Font Info:    Checking defaults for PU/pdf/m/n on input line 24.
LaTeX Font Info:    ... okay on input line 24.

*geometry* driver: auto-detecting
*geometry* detected driver: pdftex
*geometry* verbose mode - [ preamble ] result:
* driver: pdftex
* paper: letterpaper
* layout: <same size as paper>
* layoutoffset:(h,v)=(0.0pt,0.0pt)
* modes: 
* h-part:(L,W,R)=(92.14519pt, 430.00462pt, 92.14519pt)
* v-part:(T,H,B)=(95.39737pt, 556.47656pt, 143.09605pt)
* \paperwidth=614.295pt
* \paperheight=794.96999pt
* \textwidth=430.00462pt
* \textheight=556.47656pt
* \oddsidemargin=19.8752pt
* \evensidemargin=19.8752pt
* \topmargin=-13.87262pt
* \headheight=12.0pt
* \headsep=25.0pt
* \topskip=10.0pt
* \footskip=30.0pt
* \marginparwidth=65.0pt
* \marginparsep=11.0pt
* \columnsep=10.0pt
* \skip\footins=9.0pt plus 4.0pt minus 2.0pt
* \hoffset=0.0pt
* \voffset=0.0pt
* \mag=1000
* \@twocolumnfalse
* \@twosidefalse
* \@mparswitchfalse
* \@reversemarginfalse
* (1in=72.27pt=25.4mm, 1cm=28.453pt)

*geometry* verbose mode - [ newgeometry ] result:
* driver: pdftex
* paper: letterpaper
* layout: <same size as paper>
* layoutoffset:(h,v)=(0.0pt,0.0pt)
* modes: 
* h-part:(L,W,R)=(108.405pt, 397.48499pt, 108.40501pt)
* v-part:(T,H,B)=(72.26999pt, 650.43pt, 72.27pt)
* \paperwidth=614.295pt
* \paperheight=794.96999pt
* \textwidth=397.48499pt
* \textheight=650.43pt
* \oddsidemargin=36.13501pt
* \evensidemargin=36.13501pt
* \topmargin=-37.0pt
* \headheight=12.0pt
* \headsep=25.0pt
* \topskip=10.0pt
* \footskip=30.0pt
* \marginparwidth=65.0pt
* \marginparsep=11.0pt
* \columnsep=10.0pt
* \skip\footins=9.0pt plus 4.0pt minus 2.0pt
* \hoffset=0.0pt
* \voffset=0.0pt
* \mag=1000
* \@twocolumnfalse
* \@twosidefalse
* \@mparswitchfalse
* \@reversemarginfalse
* (1in=72.27pt=25.4mm, 1cm=28.453pt)

Package hyperref Info: Link coloring OFF on input line 24.
(./main.out) (./main.out)
\@outlinefile=\write3
\openout3 = `main.out'.

LaTeX Info: Redefining \microtypecontext on input line 24.
Package microtype Info: Applying patch `item' on input line 24.
Package microtype Info: Applying patch `toc' on input line 24.
Package microtype Info: Applying patch `eqnum' on input line 24.
Package microtype Info: Applying patch `footnote' on input line 24.
Package microtype Info: Applying patch `verbatim' on input line 24.
LaTeX Info: Redefining \microtypesetup on input line 24.
Package microtype Info: Generating PDF output.
Package microtype Info: Character protrusion enabled (level 2).
Package microtype Info: Using default protrusion set `alltext'.
Package microtype Info: Automatic font expansion enabled (level 2),
(microtype)             stretch: 20, shrink: 20, step: 1, non-selected.
Package microtype Info: Using default expansion set `alltext-nott'.
Package microtype Info: Patching command `\showhyphens'.
Package microtype Info: No adjustment of tracking.
Package microtype Info: No adjustment of interword spacing.
Package microtype Info: No adjustment of character kerning.

(/usr/local/texlive/2026/texmf-dist/tex/latex/microtype/mt-ptm.cfg
File: mt-ptm.cfg 2006/04/20 v1.7 microtype config. file: Times (RS)
)
(/usr/local/texlive/2026/texmf-dist/tex/context/base/mkii/supp-pdf.mkii
[Loading MPS to PDF converter (version 2006.09.02).]
\scratchcounter=\count330
\scratchdimen=\dimen257
\scratchbox=\box57
\nofMPsegments=\count331
\nofMParguments=\count332
\everyMPshowfont=\toks31
\MPscratchCnt=\count333
\MPscratchDim=\dimen258
\MPnumerator=\count334
\makeMPintoPDFobject=\count335
\everyMPtoPDFconversion=\toks32
) (/usr/local/texlive/2026/texmf-dist/tex/latex/epstopdf-pkg/epstopdf-base.sty
Package: epstopdf-base 2020-01-24 v2.11 Base part for package epstopdf
Package epstopdf-base Info: Redefining graphics rule for `.eps' on input line 4
85.

(/usr/local/texlive/2026/texmf-dist/tex/latex/latexconfig/epstopdf-sys.cfg
File: epstopdf-sys.cfg 2010/07/13 v1.3 Configuration of (r)epstopdf for TeX Liv
e
))
Package caption Info: Begin \AtBeginDocument code.
Package caption Info: End \AtBeginDocument code.
Package microtype Info: Loading generic protrusion settings for font family
(microtype)             `cmtt' (encoding: T1).
(microtype)             For optimal results, create family-specific settings.
(microtype)             See the microtype manual for details.

(/usr/local/texlive/2026/texmf-dist/tex/latex/microtype/mt-cmr.cfg
File: mt-cmr.cfg 2013/05/19 v2.2 microtype config. file: Computer Modern Roman 
(RS)
)
LaTeX Font Info:    Trying to load font information for U+msa on input line 41.


(/usr/local/texlive/2026/texmf-dist/tex/latex/amsfonts/umsa.fd
File: umsa.fd 2013/01/14 v3.01 AMS symbols A
)
(/usr/local/texlive/2026/texmf-dist/tex/latex/microtype/mt-msa.cfg
File: mt-msa.cfg 2006/02/04 v1.1 microtype config. file: AMS symbols (a) (RS)
)
LaTeX Font Info:    Trying to load font information for U+msb on input line 41.


(/usr/local/texlive/2026/texmf-dist/tex/latex/amsfonts/umsb.fd
File: umsb.fd 2013/01/14 v3.01 AMS symbols B
)
(/usr/local/texlive/2026/texmf-dist/tex/latex/microtype/mt-msb.cfg
File: mt-msb.cfg 2005/06/01 v1.0 microtype config. file: AMS symbols (b) (RS)
)
LaTeX Font Info:    Trying to load font information for T1+phv on input line 56
.

(/usr/local/texlive/2026/texmf-dist/tex/latex/psnfss/t1phv.fd
File: t1phv.fd 2020/03/25 scalable font definitions for T1/phv.
)
Package microtype Info: Loading generic protrusion settings for font family
(microtype)             `phv' (encoding: T1).
(microtype)             For optimal results, create family-specific settings.
(microtype)             See the microtype manual for details.
 [1


{/usr/local/texlive/2026/texmf-var/fonts/map/pdftex/updmap/pdftex.map}{/usr/loc
al/texlive/2026/texmf-dist/fonts/enc/dvips/base/8r.enc}{/usr/local/texlive/2026
/texmf-dist/fonts/enc/dvips/cm-super/cm-super-t1.enc}]
! Missing $ inserted.
<inserted text> 
                $
l.173 ...60818_evoseed_defense/PREREGISTRATION.md}
                                                  
I've inserted a begin-math/end-math symbol since I think
you left one out. Proceed, with fingers crossed.

! Extra }, or forgotten $.
<recently read> \egroup 
                        
l.173 ...60818_evoseed_defense/PREREGISTRATION.md}
                                                  
I've deleted a group-closing symbol because it seems to be
spurious, as in `$x}$'. But perhaps the } is legitimate and
you forgot something else, as in `\hbox{$x}'. In such cases
the way to recover is to insert both the forgotten and the
deleted material, e.g., by typing `I$}'.

! Missing $ inserted.
<inserted text> 
                $
l.174 ...pository history). Controller-output ($m_
                                                  t$) series distinguish
I've inserted a begin-math/end-math symbol since I think
you left one out. Proceed, with fingers crossed.


Overfull \hbox (98.68562pt too wide) in paragraph at lines 160--180
\T1/ptm/m/n/10 (-20) (\T1/cmtt/m/n/10 experiment$[]\OML/cmm/m/it/10 esults=\OT1
/cmr/m/n/10 20260818[]\OML/cmm/m/it/10 voseed[]efense=PREREGISTRATION:mdinthere
positoryhistory\OT1/cmr/m/n/10 )\OML/cmm/m/it/10 :Controller \OMS/cmsy/m/n/10 ^
^@
 []


Underfull \hbox (badness 10000) in paragraph at lines 160--180
\OML/cmm/m/it/10 output\OT1/cmr/m/n/10 ($\T1/cmtt/m/n/10 m$[]$) series distingu
ish tonic calibration from event-locked policy
 []


Underfull \hbox (badness 10000) in paragraph at lines 160--180
\T1/cmtt/m/n/10 (Appendix []B[]). A post-hoc follow-up evaluates the full $\OT1
/cmr/m/n/10 5[]5$ \T1/cmtt/m/n/10 transfer matrix
 []


Underfull \hbox (badness 10000) in paragraph at lines 160--180
\T1/cmtt/m/n/10 among the defense parents (both controller replicas, 8 damage $
\OMS/cmsy/m/n/10 ^^B$ \T1/cmtt/m/n/10 3 condition
 []


Underfull \hbox (badness 10000) in paragraph at lines 160--180
\T1/cmtt/m/n/10 seeds per cell; Table []A3[]) plus a \T1/cmtt/m/it/10 tonic tra
nsplant \T1/cmtt/m/n/10 injecting each donor's
 []

[2]
Underfull \hbox (badness 10000) in paragraph at lines 184--187
\T1/cmtt/m/n/10 Table []1[] reports the preregistered decomposition; the full p
er-seed,
 []


Underfull \hbox (badness 2221) in paragraph at lines 204--205
[]\T1/ptm/m/n/7 (+20) channel ef-fect; con-troller slightly
 []


Underfull \hbox (badness 2221) in paragraph at lines 205--206
[]\T1/ptm/m/n/7 (+20) channel ef-fect; con-troller slightly
 []


Overfull \hbox (14.04445pt too wide) in paragraph at lines 198--209
 [][] 
 []

LaTeX Font Info:    Font shape `T1/cmtt/bx/n' in size <10> not available
(Font)              Font shape `T1/cmtt/m/n' tried instead on input line 215.

Underfull \hbox (badness 10000) in paragraph at lines 212--219
 []\T1/ptm/b/n/10 (+20) Outcome.[] \T1/cmtt/m/it/10 Channel-training supported 
\T1/cmtt/m/n/10 (positive in 5/5 seeds; bar $\OMS/cmsy/m/n/10 ^^U$\T1/cmtt/m/n/
10 4/5);
 []


Underfull \hbox (badness 10000) in paragraph at lines 212--219
\T1/cmtt/m/it/10 transfer failure supported \T1/cmtt/m/n/10 (penalty 5/5, letha
l in 2). Under the
 []


Underfull \hbox (badness 10000) in paragraph at lines 212--219
\T1/cmtt/m/n/10 preregistered rule the controller effect is classified as \T1/c
mtt/m/it/10 parent-dependent\T1/cmtt/m/n/10 ,
 []


Underfull \hbox (badness 10000) in paragraph at lines 212--219
\T1/cmtt/m/n/10 preregistered Outcome C: noise-level on four parents, reproduci
bly
 []


Underfull \hbox (badness 5022) in paragraph at lines 212--219
\T1/cmtt/m/n/10 beneficial on the fragile one (both evolutions: $\OT1/cmr/m/n/1
0 0\OML/cmm/m/it/10 :\OT1/cmr/m/n/10 035$\T1/cmtt/m/n/10 --$\OT1/cmr/m/n/10 0\O
ML/cmm/m/it/10 :\OT1/cmr/m/n/10 038 \OMS/cmsy/m/n/10 ! \OT1/cmr/m/n/10 0\OML/cm
m/m/it/10 :\OT1/cmr/m/n/10 029$\T1/cmtt/m/n/10 --$\OT1/cmr/m/n/10 0\OML/cmm/m/i
t/10 :\OT1/cmr/m/n/10 030$\T1/cmtt/m/n/10 ,
 []


Underfull \hbox (badness 10000) in paragraph at lines 221--227
\T1/cmtt/m/it/10 at a nonzero level\T1/cmtt/m/n/10 : within-rollout per-channel
 std of $\OML/cmm/m/it/10 m[]$ \T1/cmtt/m/n/10 is $\OT1/cmr/m/n/10 0\OML/cmm/m/
it/10 :\OT1/cmr/m/n/10 0002$\T1/cmtt/m/n/10 --$\OT1/cmr/m/n/10 0\OML/cmm/m/it/1
0 :\OT1/cmr/m/n/10 0046$\T1/cmtt/m/n/10 ,
 []


Underfull \hbox (badness 10000) in paragraph at lines 221--227
\T1/cmtt/m/n/10 tonic with no lesion-locked response in 10/10 runs, while chann
el means
 []


Underfull \hbox (badness 10000) in paragraph at lines 221--227
\T1/cmtt/m/n/10 sit at parent-distinct offsets (Figure []A1[]). Evolution neith
er collapses
 []


Underfull \hbox (badness 10000) in paragraph at lines 221--227
\T1/cmtt/m/n/10 to neutral output nor discovers a policy: it finds a parent-spe
cific tonic
 []


Underfull \hbox (badness 10000) in paragraph at lines 229--239
 []\T1/ptm/b/n/10 (+20) Cross-parent trans-fer ma-trix.[] \T1/cmtt/m/n/10 The f
ull $\OT1/cmr/m/n/10 5[]5$ \T1/cmtt/m/n/10 matrix among the defense parents,
 []


Underfull \hbox (badness 10000) in paragraph at lines 229--239
\T1/cmtt/m/n/10 both replicas, three condition seeds per cell, 40 off-diagonal 
cells
 []


Underfull \hbox (badness 10000) in paragraph at lines 229--239
\T1/cmtt/m/n/10 (Table []A3[], Figure []1[]), 23/40 transfers are harmful (surv
ival $\OML/cmm/m/it/10 < \OT1/cmr/m/n/10 0\OML/cmm/m/it/10 :\OT1/cmr/m/n/10 9$ 
\T1/cmtt/m/n/10 or final
 []


Underfull \hbox (badness 1762) in paragraph at lines 229--239
\T1/cmtt/m/n/10 Hamming worse than the recipient's zero-output baseline by $\OM
L/cmm/m/it/10 > \OT1/cmr/m/n/10 0\OML/cmm/m/it/10 :\OT1/cmr/m/n/10 005$\T1/cmtt
/m/n/10 ), 15 are
 []


Underfull \hbox (badness 10000) in paragraph at lines 229--239
\T1/cmtt/m/n/10 indistinguishable from zero-output, and 2 beat it. No foreign c
ontroller
 []


Underfull \hbox (badness 10000) in paragraph at lines 229--239
\T1/cmtt/m/n/10 beats the recipient's own controller beyond noise. Lethal trans
fer
 []


Underfull \hbox (badness 10000) in paragraph at lines 229--239
\T1/cmtt/m/n/10 replicates across controller replicas and condition seeds: dono
r s3 kills
 []


Underfull \hbox (badness 10000) in paragraph at lines 229--239
\T1/cmtt/m/n/10 recipient s2 in both replicas (survival $\OT1/cmr/m/n/10 0\OML/
cmm/m/it/10 :\OT1/cmr/m/n/10 00$\T1/cmtt/m/n/10 ); donor s0 on recipient s1 is
 []


Underfull \hbox (badness 10000) in paragraph at lines 241--249
\T1/cmtt/m/n/10 tonic-vector cosines (s3$\OMS/cmsy/m/n/10 !$\T1/cmtt/m/n/10 s2:
 $\OMS/cmsy/m/n/10 ^^@\OT1/cmr/m/n/10 0\OML/cmm/m/it/10 :\OT1/cmr/m/n/10 61$\T1
/cmtt/m/n/10 ; s0$\OMS/cmsy/m/n/10 !$\T1/cmtt/m/n/10 s1: $\OMS/cmsy/m/n/10 ^^@\
OT1/cmr/m/n/10 0\OML/cmm/m/it/10 :\OT1/cmr/m/n/10 93$\T1/cmtt/m/n/10 ), while t
he only
 []


Underfull \hbox (badness 10000) in paragraph at lines 241--249
\T1/cmtt/m/n/10 beneficial transfers, beating zero-output and matching the own 
controller,
 []


Underfull \hbox (badness 10000) in paragraph at lines 241--249
\T1/cmtt/m/n/10 occur exclusively within the tonic-aligned pair s4$\OMS/cmsy/m/
n/10 !$\T1/cmtt/m/n/10 s1 (cosine $\OT1/cmr/m/n/10 +0\OML/cmm/m/it/10 :\OT1/cmr
/m/n/10 99$\T1/cmtt/m/n/10 , both
 []


Underfull \hbox (badness 10000) in paragraph at lines 241--249
\T1/cmtt/m/n/10 replicas; adjacent to the diagonal in Figure []1[]). Across all
 40 cells,
 []


Underfull \hbox (badness 10000) in paragraph at lines 241--249
\T1/cmtt/m/n/10 tonic cosine correlates with transfer penalty ($\OML/cmm/m/it/1
0 r \OT1/cmr/m/n/10 = \OMS/cmsy/m/n/10 ^^@\OT1/cmr/m/n/10 0\OML/cmm/m/it/10 :\O
T1/cmr/m/n/10 30$\T1/cmtt/m/n/10 ) and survival
 []

[3]
Underfull \hbox (badness 10000) in paragraph at lines 251--258
 []\T1/ptm/b/n/10 (+20) Tonic trans-plant.[] \T1/cmtt/m/n/10 Injecting each don
or's realized mean $\OML/cmm/m/it/10 m[]$ \T1/cmtt/m/n/10 as a constant in
 []


Underfull \hbox (badness 10000) in paragraph at lines 251--258
\T1/cmtt/m/n/10 place of its controller (both replicas, three condition seeds) 
reproduces
 []


Underfull \hbox (badness 10000) in paragraph at lines 251--258
\T1/cmtt/m/n/10 the full controller's outcome in 36/40 off-diagonal cells, incl
uding every
 []


Underfull \hbox (badness 10000) in paragraph at lines 251--258
\T1/cmtt/m/n/10 lethal transfer (the four mismatches are magnitude differences 
inside
 []


Underfull \hbox (badness 10000) in paragraph at lines 251--258
\T1/cmtt/m/n/10 already-lethal cells), and matches the recipient's own controll
er in all
 []


Underfull \hbox (badness 10000) in paragraph at lines 251--258
\T1/cmtt/m/n/10 10 diagonal cases (46/50 overall; Appendix []A[]). The transfer
able component
 []


Underfull \hbox (badness 10000) in paragraph at lines 251--258
\T1/cmtt/m/n/10 is thus the tonic setpoint; the controllers' small dynamic resi
dual did not
 []

<figures/fig5_transfer_matrix.png, id=146, 520.5849pt x 276.3123pt>
File: figures/fig5_transfer_matrix.png Graphic file (type png)
<use figures/fig5_transfer_matrix.png>
Package pdftex.def Info: figures/fig5_transfer_matrix.png  used on input line 2
61.
(pdftex.def)             Requested size: 298.11374pt x 158.23325pt.

Underfull \hbox (badness 10000) in paragraph at lines 276--284
\T1/cmtt/m/n/10 Parents that grew up with global channels beat their unmodulate
d siblings
 []


Underfull \hbox (badness 10000) in paragraph at lines 276--284
\T1/cmtt/m/n/10 on every seed; the channels are a developmental scaffold: more 
robust
 []


Underfull \hbox (badness 10000) in paragraph at lines 276--284
\T1/cmtt/m/n/10 even with no run-time signal. What evolution adds is narrow: no
thing
 []


Underfull \hbox (badness 10000) in paragraph at lines 276--284
\T1/cmtt/m/n/10 measurable on four parents; on the fragile parent, a final stab
ilization
 []


Underfull \hbox (badness 10000) in paragraph at lines 276--284
\T1/cmtt/m/n/10 that both independent evolutions find. Since that parent's toni
c vector is
 []


Underfull \hbox (badness 10000) in paragraph at lines 276--284
\T1/cmtt/m/n/10 nearly identical to a sibling's that gains nothing from it, the
 benefit is
 []


Underfull \hbox (badness 10000) in paragraph at lines 285--295
 []\T1/ptm/b/n/10 (+20) Why cross-parent trans-fer fails, and when it does not.
[] \T1/cmtt/m/n/10 The full matrix
 []


Underfull \hbox (badness 10000) in paragraph at lines 285--295
\T1/cmtt/m/n/10 (Table []A3[]) sharpens the single-donor probe: no foreign cont
roller beats
 []


Underfull \hbox (badness 10000) in paragraph at lines 285--295
\T1/cmtt/m/n/10 the recipient's own controller, most transfers are harmful (23/
40), and
 []


Underfull \hbox (badness 10000) in paragraph at lines 285--295
\T1/cmtt/m/n/10 the only beneficial ones stay within the tonic-aligned pair (s4
$\OMS/cmsy/m/n/10 !$\T1/cmtt/m/n/10 s1). The
 []


Underfull \hbox (badness 10000) in paragraph at lines 285--295
\T1/cmtt/m/n/10 tonic transplant makes it causal: what transfers, for good or i
ll, \T1/cmtt/m/it/10 is \T1/cmtt/m/n/10 the
 []


Underfull \hbox (badness 10000) in paragraph at lines 285--295
\T1/cmtt/m/n/10 constant (36/40 off-diagonal, 10/10 diagonal, every lethal cell
 included).
 []


Underfull \hbox (badness 10000) in paragraph at lines 285--295
\T1/cmtt/m/n/10 Each controller's output is a calibration against its own paren
t's channel
 []


Underfull \hbox (badness 10000) in paragraph at lines 285--295
\T1/cmtt/m/n/10 weights, so the same release level drives different dynamics in
 a sibling;
 []


Underfull \hbox (badness 10000) in paragraph at lines 297--301
\T1/cmtt/m/n/10 one damage family. Only one parent in five proved controller-re
sponsive.
 []


Underfull \hbox (badness 10000) in paragraph at lines 297--301
\T1/cmtt/m/n/10 Next: multi-parent evolution and non-stationary, diversity-driv
en damage
 []


Underfull \hbox (badness 10000) in paragraph at lines 303--308
 []\T1/ptm/b/n/10 (+20) Conclusion.[] \T1/cmtt/m/n/10 In regenerative NCAs unde
r adversarial recurring damage,
 []


Underfull \hbox (badness 10000) in paragraph at lines 303--308
\T1/cmtt/m/n/10 robustness comes from channel-aware training (5/5 seeds); evolv
ed
 []


Underfull \hbox (badness 10000) in paragraph at lines 303--308
\T1/cmtt/m/n/10 modulation is a parent-dependent tonic calibration, noise-level
 on most
 []


Underfull \hbox (badness 10000) in paragraph at lines 303--308
\T1/cmtt/m/n/10 parents, beneficial on the fragile one, parent-locked under tra
nsfer.
 []

[4 <./figures/fig5_transfer_matrix.png>]
Underfull \hbox (badness 10000) in paragraph at lines 312--315
[]\T1/cmtt/m/n/10 A. Mordvintsev, E. Randazzo, E. Niklasson, and M. Levin. \T1/
cmtt/m/it/10 Growing
 []


Underfull \hbox (badness 10000) in paragraph at lines 317--320
[]\T1/cmtt/m/n/10 E. Randazzo, A. Mordvintsev, E. Niklasson, M. Levin, and S. G
reydanus.
 []


Underfull \hbox (badness 10000) in paragraph at lines 322--325
[]\T1/cmtt/m/n/10 E. Niklasson, A. Mordvintsev, E. Randazzo, and M. Levin.
 []


Underfull \hbox (badness 10000) in paragraph at lines 327--330
[]\T1/cmtt/m/n/10 J. Stovold. \T1/cmtt/m/it/10 Neural Cellular Automata Can Res
pond to Signals\T1/cmtt/m/n/10 . ALIFE
 []


Underfull \hbox (badness 10000) in paragraph at lines 332--335
[]\T1/cmtt/m/n/10 S. Sudhakaran, E. Najarro, and S. Risi. \T1/cmtt/m/it/10 Goal
-Guided Neural
 []


Underfull \hbox (badness 10000) in paragraph at lines 332--335
\T1/cmtt/m/it/10 Cellular Automata: Learning to Control Self-Organising Systems
\T1/cmtt/m/n/10 .
 []


Underfull \hbox (badness 10000) in paragraph at lines 337--340
[]\T1/cmtt/m/n/10 A. Masumori, H. Sato, and T. Ikegami. \T1/cmtt/m/it/10 Struct
ured Fluctuations and the
 []


Underfull \hbox (badness 10000) in paragraph at lines 337--340
\T1/cmtt/m/it/10 Information Dynamics of Self-Maintenance in Growing Neural Cel
lular
 []


Underfull \hbox (badness 10000) in paragraph at lines 342--345
[]\T1/cmtt/m/n/10 J. Lehman and K. O. Stanley. \T1/cmtt/m/it/10 Abandoning Obje
ctives: Evolution Through
 []


Underfull \hbox (badness 10000) in paragraph at lines 342--345
\T1/cmtt/m/it/10 the Search for Novelty Alone\T1/cmtt/m/n/10 . Evolutionary Com
putation, 19(2):189--223,
 []


Underfull \hbox (badness 10000) in paragraph at lines 347--350
[]\T1/cmtt/m/n/10 J.-B. Mouret and J. Clune. \T1/cmtt/m/it/10 Illuminating Sear
ch Spaces by Mapping
 []


Underfull \hbox (badness 10000) in paragraph at lines 352--355
[]\T1/cmtt/m/n/10 R. Wang, J. Lehman, J. Clune, and K. O. Stanley. \T1/cmtt/m/i
t/10 Paired Open-Ended
 []


Underfull \hbox (badness 10000) in paragraph at lines 352--355
\T1/cmtt/m/it/10 Trailblazer (POET): Endlessly Generating Increasingly Complex 
and
 []


Underfull \hbox (badness 10000) in paragraph at lines 352--355
\T1/cmtt/m/it/10 Diverse Learning Environments and Their Solutions\T1/cmtt/m/n/
10 . arXiv:1901.01753,
 []


Underfull \hbox (badness 10000) in paragraph at lines 357--360
[]\T1/cmtt/m/n/10 M. Dennis, N. Jaques, E. Vinitsky, A. Bayen, S. Russell, A. C
ritch,
 []


Underfull \hbox (badness 10000) in paragraph at lines 357--360
\T1/cmtt/m/n/10 and S. Levine. \T1/cmtt/m/it/10 Emergent Complexity and Zero-Sh
ot Transfer via
 []


Underfull \hbox (badness 10000) in paragraph at lines 362--366
[]\T1/cmtt/m/n/10 J. Parker-Holder, M. Jiang, M. Dennis, M. Samvelyan, J. Foers
ter,
 []


Underfull \hbox (badness 10000) in paragraph at lines 362--366
\T1/cmtt/m/n/10 E. Grefenstette, and T. Rocktäschel. \T1/cmtt/m/it/10 Evolving 
Curricula with
 []


Underfull \hbox (badness 10000) in paragraph at lines 368--372
[]\T1/cmtt/m/n/10 N. Hansen. \T1/cmtt/m/it/10 The CMA Evolution Strategy: A Com
paring Review\T1/cmtt/m/n/10 . In
 []


Underfull \hbox (badness 10000) in paragraph at lines 368--372
\T1/cmtt/m/it/10 Towards a New Evolutionary Computation\T1/cmtt/m/n/10 , Studie
s in Fuzziness and Soft
 []


Underfull \hbox (badness 10000) in paragraph at lines 374--377
[]\T1/cmtt/m/n/10 R. T. Lange. \T1/cmtt/m/it/10 evosax: JAX-Based Evolution Str
ategies\T1/cmtt/m/n/10 . arXiv:2212.04180,
 []

! Missing $ inserted.
<inserted text> 
                $
l.406 s0_
         e1 & $0.0290{\pm}.0135$ & $1.000$ & $0.0303{\pm}.0134$ & $1.000$ & ...
I've inserted a begin-math/end-math symbol since I think
you left one out. Proceed, with fingers crossed.

! Extra }, or forgotten $.
<template> \unskip \hfil }
                          \hskip \tabcolsep \endtemplate 
l.406 s0_e1 &
              $0.0290{\pm}.0135$ & $1.000$ & $0.0303{\pm}.0134$ & $1.000$ & ...
I've deleted a group-closing symbol because it seems to be
spurious, as in `$x}$'. But perhaps the } is legitimate and
you forgot something else, as in `\hbox{$x}'. In such cases
the way to recover is to insert both the forgotten and the
deleted material, e.g., by typing `I$}'.

! Missing $ inserted.
<inserted text> 
                $
l.406 s0_e1 &
              $0.0290{\pm}.0135$ & $1.000$ & $0.0303{\pm}.0134$ & $1.000$ & ...
I've inserted a begin-math/end-math symbol since I think
you left one out. Proceed, with fingers crossed.

! Missing } inserted.
<inserted text> 
                }
l.406 s0_e1 &
              $0.0290{\pm}.0135$ & $1.000$ & $0.0303{\pm}.0134$ & $1.000$ & ...
I've inserted something that you may have forgotten.
(See the <inserted text> above.)
With luck, this will get me unwedged. But if you
really didn't forget anything, try typing `2' now; then
my insertion and my current dilemma will both disappear.

! Missing $ inserted.
<inserted text> 
                $
l.407 s0_
         e2 & $0.0294{\pm}.0144$ & $1.000$ & $0.0292{\pm}.0136$ & $1.000$ & ...
I've inserted a begin-math/end-math symbol since I think
you left one out. Proceed, with fingers crossed.

! Extra }, or forgotten $.
<template> \unskip \hfil }
                          \hskip \tabcolsep \endtemplate 
l.407 s0_e2 &
              $0.0294{\pm}.0144$ & $1.000$ & $0.0292{\pm}.0136$ & $1.000$ & ...
I've deleted a group-closing symbol because it seems to be
spurious, as in `$x}$'. But perhaps the } is legitimate and
you forgot something else, as in `\hbox{$x}'. In such cases
the way to recover is to insert both the forgotten and the
deleted material, e.g., by typing `I$}'.

! Missing $ inserted.
<inserted text> 
                $
l.407 s0_e2 &
              $0.0294{\pm}.0144$ & $1.000$ & $0.0292{\pm}.0136$ & $1.000$ & ...
I've inserted a begin-math/end-math symbol since I think
you left one out. Proceed, with fingers crossed.

! Missing } inserted.
<inserted text> 
                }
l.407 s0_e2 &
              $0.0294{\pm}.0144$ & $1.000$ & $0.0292{\pm}.0136$ & $1.000$ & ...
I've inserted something that you may have forgotten.
(See the <inserted text> above.)
With luck, this will get me unwedged. But if you
really didn't forget anything, try typing `2' now; then
my insertion and my current dilemma will both disappear.

! Missing $ inserted.
<inserted text> 
                $
l.408 s1_
         e1 & $0.0384{\pm}.0266$ & $0.975$ & $0.0286{\pm}.0177$ & $1.000$ & ...
I've inserted a begin-math/end-math symbol since I think
you left one out. Proceed, with fingers crossed.

! Extra }, or forgotten $.
<template> \unskip \hfil }
                          \hskip \tabcolsep \endtemplate 
l.408 s1_e1 &
              $0.0384{\pm}.0266$ & $0.975$ & $0.0286{\pm}.0177$ & $1.000$ & ...
I've deleted a group-closing symbol because it seems to be
spurious, as in `$x}$'. But perhaps the } is legitimate and
you forgot something else, as in `\hbox{$x}'. In such cases
the way to recover is to insert both the forgotten and the
deleted material, e.g., by typing `I$}'.

! Missing $ inserted.
<inserted text> 
                $
l.408 s1_e1 &
              $0.0384{\pm}.0266$ & $0.975$ & $0.0286{\pm}.0177$ & $1.000$ & ...
I've inserted a begin-math/end-math symbol since I think
you left one out. Proceed, with fingers crossed.

! Missing } inserted.
<inserted text> 
                }
l.408 s1_e1 &
              $0.0384{\pm}.0266$ & $0.975$ & $0.0286{\pm}.0177$ & $1.000$ & ...
I've inserted something that you may have forgotten.
(See the <inserted text> above.)
With luck, this will get me unwedged. But if you
really didn't forget anything, try typing `2' now; then
my insertion and my current dilemma will both disappear.

! Missing $ inserted.
<inserted text> 
                $
l.409 s1_
         e2 & $0.0353{\pm}.0256$ & $0.975$ & $0.0301{\pm}.0210$ & $1.000$ & ...
I've inserted a begin-math/end-math symbol since I think
you left one out. Proceed, with fingers crossed.

! Extra }, or forgotten $.
<template> \unskip \hfil }
                          \hskip \tabcolsep \endtemplate 
l.409 s1_e2 &
              $0.0353{\pm}.0256$ & $0.975$ & $0.0301{\pm}.0210$ & $1.000$ & ...
I've deleted a group-closing symbol because it seems to be
spurious, as in `$x}$'. But perhaps the } is legitimate and
you forgot something else, as in `\hbox{$x}'. In such cases
the way to recover is to insert both the forgotten and the
deleted material, e.g., by typing `I$}'.

! Missing $ inserted.
<inserted text> 
                $
l.409 s1_e2 &
              $0.0353{\pm}.0256$ & $0.975$ & $0.0301{\pm}.0210$ & $1.000$ & ...
I've inserted a begin-math/end-math symbol since I think
you left one out. Proceed, with fingers crossed.

! Missing } inserted.
<inserted text> 
                }
l.409 s1_e2 &
              $0.0353{\pm}.0256$ & $0.975$ & $0.0301{\pm}.0210$ & $1.000$ & ...
I've inserted something that you may have forgotten.
(See the <inserted text> above.)
With luck, this will get me unwedged. But if you
really didn't forget anything, try typing `2' now; then
my insertion and my current dilemma will both disappear.

! Missing $ inserted.
<inserted text> 
                $
l.410 s2_
         e1 & $0.0183{\pm}.0145$ & $1.000$ & $0.0225{\pm}.0149$ & $1.000$ & ...
I've inserted a begin-math/end-math symbol since I think
you left one out. Proceed, with fingers crossed.

! Extra }, or forgotten $.
<template> \unskip \hfil }
                          \hskip \tabcolsep \endtemplate 
l.410 s2_e1 &
              $0.0183{\pm}.0145$ & $1.000$ & $0.0225{\pm}.0149$ & $1.000$ & ...
I've deleted a group-closing symbol because it seems to be
spurious, as in `$x}$'. But perhaps the } is legitimate and
you forgot something else, as in `\hbox{$x}'. In such cases
the way to recover is to insert both the forgotten and the
deleted material, e.g., by typing `I$}'.

! Missing $ inserted.
<inserted text> 
                $
l.410 s2_e1 &
              $0.0183{\pm}.0145$ & $1.000$ & $0.0225{\pm}.0149$ & $1.000$ & ...
I've inserted a begin-math/end-math symbol since I think
you left one out. Proceed, with fingers crossed.

! Missing } inserted.
<inserted text> 
                }
l.410 s2_e1 &
              $0.0183{\pm}.0145$ & $1.000$ & $0.0225{\pm}.0149$ & $1.000$ & ...
I've inserted something that you may have forgotten.
(See the <inserted text> above.)
With luck, this will get me unwedged. But if you
really didn't forget anything, try typing `2' now; then
my insertion and my current dilemma will both disappear.

! Missing $ inserted.
<inserted text> 
                $
l.411 s2_
         e2 & $0.0208{\pm}.0170$ & $1.000$ & $0.0258{\pm}.0161$ & $1.000$ & ...
I've inserted a begin-math/end-math symbol since I think
you left one out. Proceed, with fingers crossed.

! Extra }, or forgotten $.
<template> \unskip \hfil }
                          \hskip \tabcolsep \endtemplate 
l.411 s2_e2 &
              $0.0208{\pm}.0170$ & $1.000$ & $0.0258{\pm}.0161$ & $1.000$ & ...
I've deleted a group-closing symbol because it seems to be
spurious, as in `$x}$'. But perhaps the } is legitimate and
you forgot something else, as in `\hbox{$x}'. In such cases
the way to recover is to insert both the forgotten and the
deleted material, e.g., by typing `I$}'.

! Missing $ inserted.
<inserted text> 
                $
l.411 s2_e2 &
              $0.0208{\pm}.0170$ & $1.000$ & $0.0258{\pm}.0161$ & $1.000$ & ...
I've inserted a begin-math/end-math symbol since I think
you left one out. Proceed, with fingers crossed.

! Missing } inserted.
<inserted text> 
                }
l.411 s2_e2 &
              $0.0208{\pm}.0170$ & $1.000$ & $0.0258{\pm}.0161$ & $1.000$ & ...
I've inserted something that you may have forgotten.
(See the <inserted text> above.)
With luck, this will get me unwedged. But if you
really didn't forget anything, try typing `2' now; then
my insertion and my current dilemma will both disappear.

! Missing $ inserted.
<inserted text> 
                $
l.412 s3_
         e1 & $0.0281{\pm}.0177$ & $1.000$ & $0.0332{\pm}.0165$ & $1.000$ & ...
I've inserted a begin-math/end-math symbol since I think
you left one out. Proceed, with fingers crossed.

! Extra }, or forgotten $.
<template> \unskip \hfil }
                          \hskip \tabcolsep \endtemplate 
l.412 s3_e1 &
              $0.0281{\pm}.0177$ & $1.000$ & $0.0332{\pm}.0165$ & $1.000$ & ...
I've deleted a group-closing symbol because it seems to be
spurious, as in `$x}$'. But perhaps the } is legitimate and
you forgot something else, as in `\hbox{$x}'. In such cases
the way to recover is to insert both the forgotten and the
deleted material, e.g., by typing `I$}'.

! Missing $ inserted.
<inserted text> 
                $
l.412 s3_e1 &
              $0.0281{\pm}.0177$ & $1.000$ & $0.0332{\pm}.0165$ & $1.000$ & ...
I've inserted a begin-math/end-math symbol since I think
you left one out. Proceed, with fingers crossed.

! Missing } inserted.
<inserted text> 
                }
l.412 s3_e1 &
              $0.0281{\pm}.0177$ & $1.000$ & $0.0332{\pm}.0165$ & $1.000$ & ...
I've inserted something that you may have forgotten.
(See the <inserted text> above.)
With luck, this will get me unwedged. But if you
really didn't forget anything, try typing `2' now; then
my insertion and my current dilemma will both disappear.

! Missing $ inserted.
<inserted text> 
                $
l.413 s3_
         e2 & $0.0289{\pm}.0182$ & $1.000$ & $0.0321{\pm}.0164$ & $1.000$ & ...
I've inserted a begin-math/end-math symbol since I think
you left one out. Proceed, with fingers crossed.

! Extra }, or forgotten $.
<template> \unskip \hfil }
                          \hskip \tabcolsep \endtemplate 
l.413 s3_e2 &
              $0.0289{\pm}.0182$ & $1.000$ & $0.0321{\pm}.0164$ & $1.000$ & ...
I've deleted a group-closing symbol because it seems to be
spurious, as in `$x}$'. But perhaps the } is legitimate and
you forgot something else, as in `\hbox{$x}'. In such cases
the way to recover is to insert both the forgotten and the
deleted material, e.g., by typing `I$}'.

! Missing $ inserted.
<inserted text> 
                $
l.413 s3_e2 &
              $0.0289{\pm}.0182$ & $1.000$ & $0.0321{\pm}.0164$ & $1.000$ & ...
I've inserted a begin-math/end-math symbol since I think
you left one out. Proceed, with fingers crossed.

! Missing } inserted.
<inserted text> 
                }
l.413 s3_e2 &
              $0.0289{\pm}.0182$ & $1.000$ & $0.0321{\pm}.0164$ & $1.000$ & ...
I've inserted something that you may have forgotten.
(See the <inserted text> above.)
With luck, this will get me unwedged. But if you
really didn't forget anything, try typing `2' now; then
my insertion and my current dilemma will both disappear.

! Missing $ inserted.
<inserted text> 
                $
l.414 s4_
         e1 & $0.0332{\pm}.0233$ & $1.000$ & $0.0336{\pm}.0223$ & $1.000$ & ...
I've inserted a begin-math/end-math symbol since I think
you left one out. Proceed, with fingers crossed.

! Extra }, or forgotten $.
<template> \unskip \hfil }
                          \hskip \tabcolsep \endtemplate 
l.414 s4_e1 &
              $0.0332{\pm}.0233$ & $1.000$ & $0.0336{\pm}.0223$ & $1.000$ & ...
I've deleted a group-closing symbol because it seems to be
spurious, as in `$x}$'. But perhaps the } is legitimate and
you forgot something else, as in `\hbox{$x}'. In such cases
the way to recover is to insert both the forgotten and the
deleted material, e.g., by typing `I$}'.

! Missing $ inserted.
<inserted text> 
                $
l.414 s4_e1 &
              $0.0332{\pm}.0233$ & $1.000$ & $0.0336{\pm}.0223$ & $1.000$ & ...
I've inserted a begin-math/end-math symbol since I think
you left one out. Proceed, with fingers crossed.

! Missing } inserted.
<inserted text> 
                }
l.414 s4_e1 &
              $0.0332{\pm}.0233$ & $1.000$ & $0.0336{\pm}.0223$ & $1.000$ & ...
I've inserted something that you may have forgotten.
(See the <inserted text> above.)
With luck, this will get me unwedged. But if you
really didn't forget anything, try typing `2' now; then
my insertion and my current dilemma will both disappear.

! Missing $ inserted.
<inserted text> 
                $
l.415 s4_
         e2 & $0.0332{\pm}.0225$ & $1.000$ & $0.0345{\pm}.0222$ & $1.000$ & ...
I've inserted a begin-math/end-math symbol since I think
you left one out. Proceed, with fingers crossed.

! Extra }, or forgotten $.
<template> \unskip \hfil }
                          \hskip \tabcolsep \endtemplate 
l.415 s4_e2 &
              $0.0332{\pm}.0225$ & $1.000$ & $0.0345{\pm}.0222$ & $1.000$ & ...
I've deleted a group-closing symbol because it seems to be
spurious, as in `$x}$'. But perhaps the } is legitimate and
you forgot something else, as in `\hbox{$x}'. In such cases
the way to recover is to insert both the forgotten and the
deleted material, e.g., by typing `I$}'.

! Missing $ inserted.
<inserted text> 
                $
l.415 s4_e2 &
              $0.0332{\pm}.0225$ & $1.000$ & $0.0345{\pm}.0222$ & $1.000$ & ...
I've inserted a begin-math/end-math symbol since I think
you left one out. Proceed, with fingers crossed.

! Missing } inserted.
<inserted text> 
                }
l.415 s4_e2 &
              $0.0332{\pm}.0225$ & $1.000$ & $0.0345{\pm}.0222$ & $1.000$ & ...
I've inserted something that you may have forgotten.
(See the <inserted text> above.)
With luck, this will get me unwedged. But if you
really didn't forget anything, try typing `2' now; then
my insertion and my current dilemma will both disappear.


LaTeX Warning: `h' float specifier changed to `ht'.


LaTeX Warning: `h' float specifier changed to `ht'.


LaTeX Warning: `h' float specifier changed to `ht'.


Underfull \hbox (badness 10000) in paragraph at lines 478--485
 []\T1/ptm/b/n/10 (+20) Tonic trans-plant.[] \T1/cmtt/m/n/10 Replacing each don
or controller by its realized mean
 []


Underfull \hbox (badness 10000) in paragraph at lines 478--485
\OML/cmm/m/it/10 m[]$ \T1/cmtt/m/n/10 injected as a constant (same protocol, bo
th replicas, 3 condition
 []


Underfull \hbox (badness 10000) in paragraph at lines 478--485
\T1/cmtt/m/n/10 seeds) reproduces the controller's outcome in 36/40 off-diagona
l cells and
 []


Underfull \hbox (badness 10000) in paragraph at lines 478--485
\T1/cmtt/m/n/10 10/10 diagonal cells (46/50 overall; Figure []1[]B), including 
every lethal
 []


Underfull \hbox (badness 10000) in paragraph at lines 478--485
\T1/cmtt/m/n/10 cell, where the transplant kills exactly as the controller does
. The
 []


Underfull \hbox (badness 10000) in paragraph at lines 478--485
\T1/cmtt/m/n/10 four mismatches are magnitude differences inside already-lethal
 cells.
 []


Underfull \hbox (badness 10000) in paragraph at lines 478--485
\T1/cmtt/m/n/10 Under the tested regime, the controllers' small dynamic residua
l did not
 []

[5]

Package hyperref Warning: Token not allowed in a PDF string (Unicode):
(hyperref)                removing `math shift' on input line 488.


Package hyperref Warning: Token not allowed in a PDF string (Unicode):
(hyperref)                removing `subscript' on input line 488.


Package hyperref Warning: Token not allowed in a PDF string (Unicode):
(hyperref)                removing `math shift' on input line 488.


LaTeX Warning: `h' float specifier changed to `ht'.

<figures/fig6_tonic_traces.png, id=169, 615.2586pt x 159.9576pt>
File: figures/fig6_tonic_traces.png Graphic file (type png)
<use figures/fig6_tonic_traces.png>
Package pdftex.def Info: figures/fig6_tonic_traces.png  used on input line 515.

(pdftex.def)             Requested size: 389.53358pt x 101.27173pt.

Underfull \hbox (badness 10000) in paragraph at lines 526--532
[]\T1/cmtt/m/n/10 The tonic vector alone does not predict benefit: seeds 1 and 
4 emit nearly
 []


Underfull \hbox (badness 10000) in paragraph at lines 526--532
\T1/cmtt/m/n/10 identical tonic vectors (cosine similarity $\OT1/cmr/m/n/10 0\O
ML/cmm/m/it/10 :\OT1/cmr/m/n/10 993$\T1/cmtt/m/n/10 , Euclidean distance $\OT1/
cmr/m/n/10 0\OML/cmm/m/it/10 :\OT1/cmr/m/n/10 0065$\T1/cmtt/m/n/10 ),
 []


Underfull \hbox (badness 10000) in paragraph at lines 526--532
\T1/cmtt/m/n/10 yet only seed 1 benefits from its controller. The benefit arise
s from the
 []


Underfull \hbox (badness 10000) in paragraph at lines 526--532
\T1/cmtt/m/n/10 interaction between a tonic calibration and parent-specific loc
al dynamics,
 []


Underfull \hbox (badness 10000) in paragraph at lines 536--543
\T1/cmtt/m/n/10 A three-parent pilot (2026-08-16) first exposed the confound. T
he
 []


Underfull \hbox (badness 10000) in paragraph at lines 536--543
\T1/cmtt/m/n/10 single-parent controller from our original five-condition study
 transferred
 []


Underfull \hbox (badness 10000) in paragraph at lines 536--543
\T1/cmtt/m/n/10 lethally to two of three sibling parents (survival $\OT1/cmr/m/
n/10 0\OML/cmm/m/it/10 :\OT1/cmr/m/n/10 00$\T1/cmtt/m/n/10 , final Hamming $\OT
1/cmr/m/n/10 0\OML/cmm/m/it/10 :\OT1/cmr/m/n/10 249$
 []


Underfull \hbox (badness 10000) in paragraph at lines 536--543
\T1/cmtt/m/n/10 and $\OT1/cmr/m/n/10 0\OML/cmm/m/it/10 :\OT1/cmr/m/n/10 434$\T1
/cmtt/m/n/10 ), while zero-output channel parents beat the $\OML/cmm/m/it/10 K[
]\OT1/cmr/m/n/10 0$ \T1/cmtt/m/n/10 baseline in $\OT1/cmr/m/n/10 3\OML/cmm/m/it
/10 =\OT1/cmr/m/n/10 3$
 []


Underfull \hbox (badness 10000) in paragraph at lines 536--543
\T1/cmtt/m/n/10 seeds ($\OT1/cmr/m/n/10 0\OML/cmm/m/it/10 :\OT1/cmr/m/n/10 029\
OML/cmm/m/it/10 =\OT1/cmr/m/n/10 0\OML/cmm/m/it/10 :\OT1/cmr/m/n/10 034\OML/cmm
/m/it/10 =\OT1/cmr/m/n/10 0\OML/cmm/m/it/10 :\OT1/cmr/m/n/10 020$ \T1/cmtt/m/n/
10 vs $\OT1/cmr/m/n/10 0\OML/cmm/m/it/10 :\OT1/cmr/m/n/10 034\OML/cmm/m/it/10 =
\OT1/cmr/m/n/10 0\OML/cmm/m/it/10 :\OT1/cmr/m/n/10 177\OML/cmm/m/it/10 =\OT1/cm
r/m/n/10 0\OML/cmm/m/it/10 :\OT1/cmr/m/n/10 028$\T1/cmtt/m/n/10 ). The original
 table's headline
 []


Underfull \hbox (badness 10000) in paragraph at lines 536--543
\T1/cmtt/m/n/10 gap was therefore part parent-training effect and part parent-s
eed luck,
 []

[6 <./figures/fig6_tonic_traces.png>]
Underfull \hbox (badness 4981) in paragraph at lines 547--551
\T1/cmtt/m/n/10 The grid state $\OML/cmm/m/it/10 x[] \OMS/cmsy/m/n/10 2 \OT1/cm
r/m/n/10 [0\OML/cmm/m/it/10 ; \OT1/cmr/m/n/10 1][]$ \T1/cmtt/m/n/10 holds 16 ch
annels; the last four are RGBA
 []


Underfull \hbox (badness 10000) in paragraph at lines 547--551
\T1/cmtt/m/n/10 with alpha last. Perception uses three fixed kernels (identity,
 Sobel-$\OML/cmm/m/it/10 x$\T1/cmtt/m/n/10 ,
 []


Underfull \hbox (badness 10000) in paragraph at lines 554--559
\T1/cmtt/m/n/10 The update MLP maps $\OT1/cmr/m/n/10 (48[]\OML/cmm/m/it/10 K\OT
1/cmr/m/n/10 )$ \T1/cmtt/m/n/10 inputs to 128 hidden units (ReLU) and back to
 []


Underfull \hbox (badness 10000) in paragraph at lines 554--559
\T1/cmtt/m/n/10 16 channel increments, with the final layer zero-initialized. C
ells update
 []


Underfull \hbox (badness 10000) in paragraph at lines 554--559
\T1/cmtt/m/n/10 with probability $\OT1/cmr/m/n/10 0\OML/cmm/m/it/10 :\OT1/cmr/m
/n/10 5$\T1/cmtt/m/n/10 ; a cell is alive when its alpha exceeds $\OT1/cmr/m/n/
10 0\OML/cmm/m/it/10 :\OT1/cmr/m/n/10 1$ \T1/cmtt/m/n/10 within its
 []


Underfull \hbox (badness 10000) in paragraph at lines 569--575
[]\T1/cmtt/m/n/10 Parents train on a $\OT1/cmr/m/n/10 40[]40$ \T1/cmtt/m/n/10 e
moji target zero-padded to the canvas, with
 []


Underfull \hbox (badness 10000) in paragraph at lines 569--575
\T1/cmtt/m/n/10 pool-based training (pool 1024, batch 8, worst-in-batch reseedi
ng), random
 []


Underfull \hbox (badness 10000) in paragraph at lines 569--575
\T1/cmtt/m/n/10 square-erasure damage mid-episode, MSE loss on RGBA, and Adam a
t $\OT1/cmr/m/n/10 10[]$ \T1/cmtt/m/n/10 for
 []


Underfull \hbox (badness 10000) in paragraph at lines 569--575
\T1/cmtt/m/n/10 8000 steps. A first attempt at $\OT1/cmr/m/n/10 2[]10[]$ \T1/cm
tt/m/n/10 diverged to NaN near step 5532 via a
 []

[7]
Underfull \hbox (badness 10000) in paragraph at lines 579--587
\T1/cmtt/m/n/10 A single-lesion sweep (radii $\OMS/cmsy/m/n/10 f\OT1/cmr/m/n/10
 2\OML/cmm/m/it/10 ; \OT1/cmr/m/n/10 4\OML/cmm/m/it/10 ; \OT1/cmr/m/n/10 8\OML/
cmm/m/it/10 ; \OT1/cmr/m/n/10 16\OMS/cmsy/m/n/10 g$\T1/cmtt/m/n/10 , single- an
d multi-site, with and
 []


Underfull \hbox (badness 10000) in paragraph at lines 579--587
\T1/cmtt/m/n/10 without modulator channels) maps the boundary of local repair. 
Recovery
 []


Underfull \hbox (badness 10000) in paragraph at lines 579--587
\T1/cmtt/m/n/10 is near-perfect for small lesions and degrades once lesions exc
eed the
 []


Underfull \hbox (badness 10000) in paragraph at lines 579--587
\T1/cmtt/m/n/10 effective perception radius. Two failure signatures motivate th
is work:
 []


Underfull \hbox (badness 10000) in paragraph at lines 579--587
\T1/cmtt/m/n/10 severed fragments that survive but cannot reattach, die, or dec
ide what to
 []


Underfull \hbox (badness 10000) in paragraph at lines 579--587
\T1/cmtt/m/n/10 grow into, and persistent half-alpha scar tissue at wound sites
. Both are
 []


Underfull \hbox (badness 10000) in paragraph at lines 579--587
\T1/cmtt/m/n/10 information failures: the misbehaving cells are exactly the cel
ls cut off
 []

<figures/fig1_recovery_vs_radius.png, id=197, 374.1177pt x 232.9503pt>
File: figures/fig1_recovery_vs_radius.png Graphic file (type png)
<use figures/fig1_recovery_vs_radius.png>
Package pdftex.def Info: figures/fig1_recovery_vs_radius.png  used on input lin
e 590.
(pdftex.def)             Requested size: 337.86465pt x 210.38911pt.

Underfull \hbox (badness 10000) in paragraph at lines 601--610
 []\T1/ptm/b/n/10 (+20) Collapse probe.[] \T1/cmtt/m/n/10 The target mask is on
ly $\OT1/cmr/m/n/10 4\OML/cmm/m/it/10 :\OT1/cmr/m/n/10 6%$ \T1/cmtt/m/n/10 aliv
e, so a fully-dead
 []


Underfull \hbox (badness 10000) in paragraph at lines 601--610
\T1/cmtt/m/n/10 grid scores Hamming $\OMS/cmsy/m/n/10 ^^Y \OT1/cmr/m/n/10 0\OML
/cmm/m/it/10 :\OT1/cmr/m/n/10 046$\T1/cmtt/m/n/10 , close to a struggling organ
ism's $\OMS/cmsy/m/n/10 ^^Y \OT1/cmr/m/n/10 0\OML/cmm/m/it/10 :\OT1/cmr/m/n/10 
02$\T1/cmtt/m/n/10 .
 []


Underfull \hbox (badness 10000) in paragraph at lines 601--610
\T1/cmtt/m/n/10 We verified empirically that the all-dead state scores $\OT1/cm
r/m/n/10 0\OML/cmm/m/it/10 :\OT1/cmr/m/n/10 0461$ \T1/cmtt/m/n/10 against
 []


Underfull \hbox (badness 10000) in paragraph at lines 601--610
\T1/cmtt/m/n/10 struggling-neutral's $\OT1/cmr/m/n/10 0\OML/cmm/m/it/10 :\OT1/c
mr/m/n/10 0205$\T1/cmtt/m/n/10 : death loses by $\OT1/cmr/m/n/10 2\OML/cmm/m/it
/10 :\OT1/cmr/m/n/10 2\OMS/cmsy/m/n/10 ^^B$\T1/cmtt/m/n/10 , so the alive-fract
ion
 []


Underfull \hbox (badness 10000) in paragraph at lines 601--610
\T1/cmtt/m/n/10 floor is disabled ($\OT1/cmr/m/n/10 0\OML/cmm/m/it/10 :\OT1/cmr
/m/n/10 0$\T1/cmtt/m/n/10 ). Notably, the runbook-default floor of $\OT1/cmr/m/
n/10 0\OML/cmm/m/it/10 :\OT1/cmr/m/n/10 3$ \T1/cmtt/m/n/10 would
 []


Underfull \hbox (badness 10000) in paragraph at lines 601--610
\T1/cmtt/m/n/10 have \T1/cmtt/m/it/10 penalized every healthy candidate \T1/cmt
t/m/n/10 (a correct lizard lives at $\OMS/cmsy/m/n/10 ^^Y \OT1/cmr/m/n/10 0\OML
/cmm/m/it/10 :\OT1/cmr/m/n/10 057$
 []


Underfull \hbox (badness 10000) in paragraph at lines 601--610
\T1/cmtt/m/n/10 alive), pushing evolution toward overgrowth, a case where calib
rating from
 []


Underfull \hbox (badness 10000) in paragraph at lines 612--621
 []\T1/ptm/b/n/10 (+20) Initial step-size probe.[] \T1/cmtt/m/n/10 Perturbing t
he neutral controller by Gaussian noise
 []


Underfull \hbox (badness 2970) in paragraph at lines 612--621
\T1/cmtt/m/n/10 stays healthy (some samples beat neutral); $\OML/cmm/m/it/10 ^^
[ \OT1/cmr/m/n/10 = 0\OML/cmm/m/it/10 :\OT1/cmr/m/n/10 05$ \T1/cmtt/m/n/10 is b
imodal; $\OML/cmm/m/it/10 ^^[ \OT1/cmr/m/n/10 = 0\OML/cmm/m/it/10 :\OT1/cmr/m/n
/10 3$
 []


Underfull \hbox (badness 10000) in paragraph at lines 612--621
\T1/cmtt/m/n/10 lands \T1/cmtt/m/it/10 every \T1/cmtt/m/n/10 sample in saturate
d overgrowth (alive $\OMS/cmsy/m/n/10 ! \OT1/cmr/m/n/10 0\OML/cmm/m/it/10 :\OT1
/cmr/m/n/10 96$\T1/cmtt/m/n/10 ). A first
 []


Underfull \hbox (badness 10000) in paragraph at lines 612--621
\T1/cmtt/m/n/10 evolution run with the library-default $\OML/cmm/m/it/10 ^^[[] 
\OT1/cmr/m/n/10 = 0\OML/cmm/m/it/10 :\OT1/cmr/m/n/10 3$ \T1/cmtt/m/n/10 froze a
t fitness $\OT1/cmr/m/n/10 0\OML/cmm/m/it/10 :\OT1/cmr/m/n/10 150$
 []


Underfull \hbox (badness 10000) in paragraph at lines 612--621
\T1/cmtt/m/n/10 from generation 2 onward, $\OT1/cmr/m/n/10 7\OMS/cmsy/m/n/10 ^^
B$ \T1/cmtt/m/n/10 worse than doing nothing, because CMA-ES was
 []


Underfull \hbox (badness 1968) in paragraph at lines 612--621
\T1/cmtt/m/n/10 ranking overgrowth-degree noise. $\OML/cmm/m/it/10 ^^[[] \OT1/c
mr/m/n/10 = 0\OML/cmm/m/it/10 :\OT1/cmr/m/n/10 01$ \T1/cmtt/m/n/10 brackets the
 neutral point and
 []

<figures/fig4_evolution_trajectory.png, id=199, 374.1177pt x 210.5466pt>
File: figures/fig4_evolution_trajectory.png Graphic file (type png)
<use figures/fig4_evolution_trajectory.png>
Package pdftex.def Info: figures/fig4_evolution_trajectory.png  used on input l
ine 624.
(pdftex.def)             Requested size: 337.86465pt x 190.15521pt.

LaTeX Warning: `h' float specifier changed to `ht'.

[8 <./figures/fig1_recovery_vs_radius.png>]
Underfull \hbox (badness 10000) in paragraph at lines 633--638
\T1/cmtt/m/n/10 We evolve the controller with CMA-ES [[]] (Evosax implementatio
n [[]]),
 []


Underfull \hbox (badness 10000) in paragraph at lines 633--638
\T1/cmtt/m/n/10 population 64, initial step size $\OML/cmm/m/it/10 ^^[[][]\OT1/
cmr/m/n/10 0\OML/cmm/m/it/10 :\OT1/cmr/m/n/10 01$\T1/cmtt/m/n/10 , 300 generati
ons, neutral
 []


Underfull \hbox (badness 10000) in paragraph at lines 633--638
\T1/cmtt/m/n/10 (all-zero) controller as the initial mean. Fitness is the event
-weighted
 []


Underfull \hbox (badness 10000) in paragraph at lines 633--638
\T1/cmtt/m/n/10 mean Hamming distance to the target alpha mask over full rollou
ts on the
 []


Underfull \hbox (badness 1297) in paragraph at lines 643--654
\T1/cmtt/m/n/10 where $\OML/cmm/m/it/10 ^^\ \OMS/cmsy/m/n/10 ^^C []\OT1/cmr/m/n
/10 (\OML/cmm/m/it/10 t\OT1/cmr/m/n/10 )$ \T1/cmtt/m/n/10 is the most recent le
sion step and $\OML/cmm/m/it/10 ^^\[] \OT1/cmr/m/n/10 = 150\OML/cmm/m/it/10 =\O
T1/cmr/m/n/10 3 = 50$\T1/cmtt/m/n/10 . The
 []


Underfull \hbox (badness 10000) in paragraph at lines 643--654
\T1/cmtt/m/n/10 recency kernel resets at each lesion, so slow repair is expensi
ve even
 []


Underfull \hbox (badness 10000) in paragraph at lines 643--654
\T1/cmtt/m/n/10 when endpoint Hamming is identical, so it de-saturates the metr
ic and
 []


Underfull \hbox (badness 10000) in paragraph at lines 643--654
\T1/cmtt/m/n/10 prices repair speed directly. Fitness is not the reported metri
c: all
 []


Underfull \hbox (badness 10000) in paragraph at lines 643--654
\T1/cmtt/m/n/10 results report unweighted trajectory statistics on held-out see
ds. Two
 []


Underfull \hbox (badness 10000) in paragraph at lines 643--654
\T1/cmtt/m/n/10 calibration controls make this landscape interpretable: a colla
pse probe
 []


Underfull \hbox (badness 10000) in paragraph at lines 643--654
\T1/cmtt/m/n/10 (verifying the objective cannot be gamed by alpha suppression) 
and an
 []


Underfull \hbox (badness 10000) in paragraph at lines 643--654
\T1/cmtt/m/n/10 initial step-size ablation (showing $\OML/cmm/m/it/10 ^^[[][]\O
T1/cmr/m/n/10 0\OML/cmm/m/it/10 :\OT1/cmr/m/n/10 3$ \T1/cmtt/m/n/10 saturates t
he first population
 []


Underfull \hbox (badness 10000) in paragraph at lines 658--667
\T1/cmtt/m/n/10 Five conditions share the same protocol, horizon, and damage se
eds:
 []


Underfull \hbox (badness 10000) in paragraph at lines 658--667
\T1/cmtt/m/n/10 closed-loop (evolved controller); static (the evolved controlle
r evaluated
 []


Underfull \hbox (badness 10000) in paragraph at lines 658--667
\T1/cmtt/m/n/10 once at $\OML/cmm/m/it/10 t[]\OT1/cmr/m/n/10 0$ \T1/cmtt/m/n/10
 and held constant, isolating temporal modulation from the
 []


Underfull \hbox (badness 10000) in paragraph at lines 658--667
\T1/cmtt/m/n/10 evolved tonic level itself); constant (fixed tonic, grid-search
ed over
 []


Underfull \hbox (badness 10000) in paragraph at lines 658--667
\OMS/cmsy/m/n/10 f^^@\OT1/cmr/m/n/10 1\OML/cmm/m/it/10 ; \OMS/cmsy/m/n/10 ^^@\O
T1/cmr/m/n/10 0\OML/cmm/m/it/10 :\OT1/cmr/m/n/10 5\OML/cmm/m/it/10 ; \OT1/cmr/m
/n/10 0\OML/cmm/m/it/10 ; \OT1/cmr/m/n/10 0\OML/cmm/m/it/10 :\OT1/cmr/m/n/10 5\
OML/cmm/m/it/10 ; \OT1/cmr/m/n/10 1\OMS/cmsy/m/n/10 g$ \T1/cmtt/m/n/10 on train
 seeds); random (uniform $\OT1/cmr/m/n/10 [\OMS/cmsy/m/n/10 ^^@\OT1/cmr/m/n/10 
1\OML/cmm/m/it/10 ; \OT1/cmr/m/n/10 1]$ \T1/cmtt/m/n/10 each step,
 []


Underfull \hbox (badness 10000) in paragraph at lines 658--667
\T1/cmtt/m/n/10 actuation-matched noise); and no modulation ($\OML/cmm/m/it/10 
K[]\OT1/cmr/m/n/10 0$ \T1/cmtt/m/n/10 parent). All experiments
 []


Underfull \hbox (badness 10000) in paragraph at lines 658--667
\T1/cmtt/m/n/10 ran on a single rented A100; parent training took $\OMS/cmsy/m/
n/10 ^^Y$\T1/cmtt/m/n/10 20 min/model, evolution
 []


Underfull \hbox (badness 10000) in paragraph at lines 669--675
 []\T1/ptm/b/n/10 (+20) Modulation helps sub-stan-tially (RQ1).[] \T1/cmtt/m/n/
10 Relative to no modulation, modulated
 []


Underfull \hbox (badness 10000) in paragraph at lines 669--675
\T1/cmtt/m/n/10 conditions recover $\OT1/cmr/m/n/10 2\OML/cmm/m/it/10 :\OT1/cmr
/m/n/10 2\OMS/cmsy/m/n/10 ^^B$ \T1/cmtt/m/n/10 more completely (final Hamming $
\OT1/cmr/m/n/10 0\OML/cmm/m/it/10 :\OT1/cmr/m/n/10 028$\T1/cmtt/m/n/10 --$\OT1/
cmr/m/n/10 0\OML/cmm/m/it/10 :\OT1/cmr/m/n/10 030$ \T1/cmtt/m/n/10 vs. $\OT1/cm
r/m/n/10 0\OML/cmm/m/it/10 :\OT1/cmr/m/n/10 063$\T1/cmtt/m/n/10 )
 []


Underfull \hbox (badness 10000) in paragraph at lines 669--675
\T1/cmtt/m/n/10 and sustain $\OMS/cmsy/m/n/10 ^^Y \OT1/cmr/m/n/10 4\OMS/cmsy/m/
n/10 ^^B$ \T1/cmtt/m/n/10 less cumulative damage (AUC $\OT1/cmr/m/n/10 0\OML/cm
m/m/it/10 :\OT1/cmr/m/n/10 016$\T1/cmtt/m/n/10 --$\OT1/cmr/m/n/10 0\OML/cmm/m/i
t/10 :\OT1/cmr/m/n/10 017$ \T1/cmtt/m/n/10 vs. $\OT1/cmr/m/n/10 0\OML/cmm/m/it/
10 :\OT1/cmr/m/n/10 064$\T1/cmtt/m/n/10 ). The
 []


Underfull \hbox (badness 10000) in paragraph at lines 669--675
\T1/cmtt/m/n/10 wounds exceed the perception radius, so this improvement is att
ributable
 []


Underfull \hbox (badness 10000) in paragraph at lines 669--675
\T1/cmtt/m/n/10 to the broadcast channel, the only non-local pathway, which rep
airs damage
 []


Underfull \hbox (badness 10000) in paragraph at lines 677--686
\T1/cmtt/m/n/10 are statistically indistinguishable: final Hamming spans $\OT1/
cmr/m/n/10 0\OML/cmm/m/it/10 :\OT1/cmr/m/n/10 028$\T1/cmtt/m/n/10 --$\OT1/cmr/m
/n/10 0\OML/cmm/m/it/10 :\OT1/cmr/m/n/10 030$\T1/cmtt/m/n/10 ,
 []


Underfull \hbox (badness 10000) in paragraph at lines 677--686
\T1/cmtt/m/n/10 half-life $\OT1/cmr/m/n/10 6\OML/cmm/m/it/10 :\OT1/cmr/m/n/10 4
$\T1/cmtt/m/n/10 --$\OT1/cmr/m/n/10 7\OML/cmm/m/it/10 :\OT1/cmr/m/n/10 2$ \T1/c
mtt/m/n/10 steps, all differences within noise (pairwise effect sizes
 []


Underfull \hbox (badness 10000) in paragraph at lines 677--686
\OML/cmm/m/it/10 < \OT1/cmr/m/n/10 0\OML/cmm/m/it/10 :\OT1/cmr/m/n/10 15$\T1/cm
tt/m/n/10 ). We read this as a measurement of the \T1/cmtt/m/it/10 regime\T1/cm
tt/m/n/10 , not a failure of
 []


Underfull \hbox (badness 10000) in paragraph at lines 677--686
\T1/cmtt/m/n/10 the controller: the damage process is stationary and memoryless
 (events
 []


Underfull \hbox (badness 10000) in paragraph at lines 677--686
\T1/cmtt/m/n/10 are i.i.d. in size, number, and position), so the optimal relea
se policy
 []


Underfull \hbox (badness 10000) in paragraph at lines 677--686
\T1/cmtt/m/n/10 is time-invariant and a fixed tonic gain is structurally adequa
te. There
 []


Underfull \hbox (badness 10000) in paragraph at lines 677--686
\T1/cmtt/m/n/10 is no temporal structure for adaptive scheduling to exploit. Ev
olution's
 []


Underfull \hbox (badness 10000) in paragraph at lines 677--686
\T1/cmtt/m/n/10 measured contribution is automatic discovery of the near-optima
l tonic
 []


Underfull \hbox (badness 10000) in paragraph at lines 677--686
\T1/cmtt/m/n/10 level in 2.5 hours from a neutral start, without the hand searc
h the
 []

[9 <./figures/fig4_evolution_trajectory.png>]
Underfull \hbox (badness 2080) in paragraph at lines 688--693
 []\T1/ptm/b/n/10 (+20) Random mod-u-la-tion is lethal.[] \T1/cmtt/m/n/10 Rando
m actuation kills every run (survival $\OT1/cmr/m/n/10 0\OML/cmm/m/it/10 :\OT1/
cmr/m/n/10 00$\T1/cmtt/m/n/10 ,
 []


Underfull \hbox (badness 10000) in paragraph at lines 688--693
\T1/cmtt/m/n/10 final Hamming $\OT1/cmr/m/n/10 0\OML/cmm/m/it/10 :\OT1/cmr/m/n/
10 825$\T1/cmtt/m/n/10 ): pilot probes show constant levels alone swing mean
 []


Underfull \hbox (badness 10000) in paragraph at lines 688--693
\T1/cmtt/m/n/10 Hamming from $\OT1/cmr/m/n/10 0\OML/cmm/m/it/10 :\OT1/cmr/m/n/1
0 003$ \T1/cmtt/m/n/10 to $\OT1/cmr/m/n/10 0\OML/cmm/m/it/10 :\OT1/cmr/m/n/10 9
3$\T1/cmtt/m/n/10 . The modulator channels are a high-gain control
 []


Underfull \hbox (badness 10000) in paragraph at lines 688--693
\T1/cmtt/m/n/10 pathway, not a free architectural bonus; the identity of the re
lease
 []


Underfull \hbox (badness 10000) in paragraph at lines 695--704
\T1/cmtt/m/n/10 repeated damage. First, repair half-life is defined per lesion 
relative
 []


Underfull \hbox (badness 10000) in paragraph at lines 695--704
\T1/cmtt/m/n/10 to each post-lesion jump; on the baseline's chronically damaged
 morphology,
 []


Underfull \hbox (badness 10000) in paragraph at lines 695--704
\T1/cmtt/m/n/10 new lesions often land on already-degraded regions, producing n
o measurable
 []


Underfull \hbox (badness 10000) in paragraph at lines 695--704
\T1/cmtt/m/n/10 jump and scoring as zero half-life, so the baseline's $\OT1/cmr
/m/n/10 2\OML/cmm/m/it/10 :\OT1/cmr/m/n/10 7$ \T1/cmtt/m/n/10 steps does \T1/cm
tt/m/it/10 not
 []


Underfull \hbox (badness 10000) in paragraph at lines 695--704
\T1/cmtt/m/n/10 indicate fast repair. Second, residual Hamming in all condition
s is partly
 []


Underfull \hbox (badness 10000) in paragraph at lines 695--704
\T1/cmtt/m/n/10 attributable to locomotion drift during regeneration rather tha
n permanent
 []


Underfull \hbox (badness 10000) in paragraph at lines 695--704
\T1/cmtt/m/n/10 damage; the metric conflates spatial translation with morpholog
ical error.
 []


Underfull \hbox (badness 10000) in paragraph at lines 708--719
\T1/cmtt/m/n/10 Parents train in $\OMS/cmsy/m/n/10 ^^Y$\T1/cmtt/m/n/10 20--30 m
in each on one A100; the defense study ran two
 []


Underfull \hbox (badness 10000) in paragraph at lines 708--719
\T1/cmtt/m/n/10 independent 300-generation controller evolutions per parent (10
 total),
 []


Underfull \hbox (badness 10000) in paragraph at lines 708--719
\T1/cmtt/m/n/10 each $\OMS/cmsy/m/n/10 ^^Y$\T1/cmtt/m/n/10 2.5--3 h on the stud
y A100, for a total defense-study cost of $\OMS/cmsy/m/n/10 ^^Y$\T1/cmtt/m/n/10
 $25
 []


Underfull \hbox (badness 10000) in paragraph at lines 708--719
\T1/cmtt/m/n/10 of rented GPU time. The transfer matrix is evaluation-only over
 existing
 []


Underfull \hbox (badness 10000) in paragraph at lines 708--719
\T1/cmtt/m/n/10 artifacts: 40 off-diagonal evaluations, $\OMS/cmsy/m/n/10 ^^Y$\
T1/cmtt/m/n/10 2 minutes of A100 time per full
 []


Underfull \hbox (badness 10000) in paragraph at lines 708--719
\OT1/cmr/m/n/10 5[]5$ \T1/cmtt/m/n/10 replica matrix. Preregistration, analysis
 script, per-seed artifacts
 []


Underfull \hbox (badness 10000) in paragraph at lines 708--719
\T1/cmtt/m/n/10 (controllers, parents, trajectories, $\OML/cmm/m/it/10 m[]$ \T1
/cmtt/m/n/10 series), and the mechanical outcome
 []


Underfull \hbox (badness 10000) in paragraph at lines 708--719
\T1/cmtt/m/n/10 output are in the repository, timestamped before the results. C
ode will be
 []

[10] (./main.aux)
 ***********
LaTeX2e <2026-06-01>
L3 programming layer <2026-07-20>
 ***********
Package rerunfilecheck Info: File `main.out' has not changed.
(rerunfilecheck)             Checksum: 4512A668F0ED06BB5E2C42702062ED63;2264.
 )
(\end occurred inside a group at level 1)

### simple group (level 1) entered at line 173 ({)
### bottom level 
Here is how much of TeX's memory you used:
 15402 strings out of 467159
 245339 string characters out of 5409224
 714863 words of memory out of 5000000
 44195 multiletter control sequences out of 15000+600000
 679848 words of font info for 220 fonts, out of 8000000 for 9000
 1141 hyphenation exceptions out of 8191
 72i,10n,79p,1001b,692s stack positions out of 10000i,1000n,20000p,200000b,200000s
</usr/local/texlive/2026/texmf-dist/fonts/type1/public/amsfonts
/cm/cmex10.pfb></usr/local/texlive/2026/texmf-dist/fonts/type1/public/amsfonts/
cm/cmmi10.pfb></usr/local/texlive/2026/texmf-dist/fonts/type1/public/amsfonts/c
m/cmmi12.pfb></usr/local/texlive/2026/texmf-dist/fonts/type1/public/amsfonts/cm
/cmmi6.pfb></usr/local/texlive/2026/texmf-dist/fonts/type1/public/amsfonts/cm/c
mmi7.pfb></usr/local/texlive/2026/texmf-dist/fonts/type1/public/amsfonts/cm/cmm
i8.pfb></usr/local/texlive/2026/texmf-dist/fonts/type1/public/amsfonts/cm/cmmi9
.pfb></usr/local/texlive/2026/texmf-dist/fonts/type1/public/amsfonts/cm/cmr10.p
fb></usr/local/texlive/2026/texmf-dist/fonts/type1/public/amsfonts/cm/cmr7.pfb>
</usr/local/texlive/2026/texmf-dist/fonts/type1/public/amsfonts/cm/cmr8.pfb></u
sr/local/texlive/2026/texmf-dist/fonts/type1/public/amsfonts/cm/cmr9.pfb></usr/
local/texlive/2026/texmf-dist/fonts/type1/public/amsfonts/cm/cmsy10.pfb></usr/l
ocal/texlive/2026/texmf-dist/fonts/type1/public/amsfonts/cm/cmsy6.pfb></usr/loc
al/texlive/2026/texmf-dist/fonts/type1/public/amsfonts/cm/cmsy7.pfb></usr/local
/texlive/2026/texmf-dist/fonts/type1/public/amsfonts/cm/cmsy8.pfb></usr/local/t
exlive/2026/texmf-dist/fonts/type1/public/amsfonts/cm/cmsy9.pfb></usr/local/tex
live/2026/texmf-dist/fonts/type1/public/amsfonts/symbols/msbm10.pfb></usr/local
/texlive/2026/texmf-dist/fonts/type1/public/cm-super/sfit1000.pfb></usr/local/t
exlive/2026/texmf-dist/fonts/type1/public/cm-super/sftt1000.pfb></usr/local/tex
live/2026/texmf-dist/fonts/type1/urw/helvetic/uhvr8a.pfb></usr/local/texlive/20
26/texmf-dist/fonts/type1/urw/times/utmb8a.pfb></usr/local/texlive/2026/texmf-d
ist/fonts/type1/urw/times/utmr8a.pfb></usr/local/texlive/2026/texmf-dist/fonts/
type1/urw/times/utmri8a.pfb>
Output written on main.pdf (10 pages, 850205 bytes).
PDF statistics:
 343 PDF objects out of 1000 (max. 8388607)
 273 compressed objects within 3 object streams
 76 named destinations out of 1000 (max. 500000)
 55429 words of extra memory for PDF output out of 61914 (max. 10000000)

